============================= test session starts =============================
platform win32 -- Python 3.12.0, pytest-9.0.2, pluggy-1.6.0 -- C:\Users\HASSA\Desktop\AI-DEV-OS\.venv\Scripts\python.exe
cachedir: .pytest_cache
rootdir: C:\Users\HASSA\Desktop\AI-DEV-OS
configfile: pyproject.toml
plugins: anyio-4.12.1, langsmith-0.7.22, asyncio-1.3.0, cov-7.0.0
asyncio: mode=Mode.AUTO, debug=False, asyncio_default_fixture_loop_scope=None, asyncio_default_test_loop_scope=function
collecting ... collected 76 items

tests/test_context_manager.py::test_count_tokens PASSED                  [  1%]
tests/test_context_manager.py::test_track_usage PASSED                   [  2%]
tests/test_context_manager.py::test_should_summarize PASSED              [  3%]
tests/test_context_manager.py::test_generate_summary_prompt PASSED       [  5%]
tests/test_core.py::test_orchestrator_initialization PASSED              [  6%]
tests/test_core.py::test_workflow_state_logging PASSED                   [  7%]
tests/test_core.py::test_agent_config_defaults PASSED                    [  9%]
tests/test_core_comprehensive.py::TestWorkflowState::test_state_initialization PASSED [ 10%]
tests/test_core_comprehensive.py::TestWorkflowState::test_add_log PASSED [ 11%]
tests/test_core_comprehensive.py::TestWorkflowState::test_state_transitions PASSED [ 13%]
tests/test_core_comprehensive.py::TestWorkflowState::test_context_usage PASSED [ 14%]
tests/test_core_comprehensive.py::TestAgentConfig::test_code_agent_defaults PASSED [ 15%]
tests/test_core_comprehensive.py::TestAgentConfig::test_training_agent_defaults PASSED [ 17%]
tests/test_core_comprehensive.py::TestAgentConfig::test_simulation_agent_defaults PASSED [ 18%]
tests/test_core_comprehensive.py::TestAgentConfig::test_unknown_role_empty_tools PASSED [ 19%]
tests/test_core_comprehensive.py::TestAgentConfig::test_custom_max_tokens PASSED [ 21%]
tests/test_core_comprehensive.py::TestAgentConfig::test_custom_temperature PASSED [ 22%]
tests/test_core_comprehensive.py::TestAIDevOSOrchestrator::test_initialization FAILED [ 23%]
tests/test_core_comprehensive.py::TestAIDevOSOrchestrator::test_determine_agents_code FAILED [ 25%]
tests/test_core_comprehensive.py::TestAIDevOSOrchestrator::test_determine_agents_training FAILED [ 26%]
tests/test_core_comprehensive.py::TestAIDevOSOrchestrator::test_determine_agents_simulation FAILED [ 27%]
tests/test_core_comprehensive.py::TestAIDevOSOrchestrator::test_determine_agents_default FAILED [ 28%]
tests/test_core_comprehensive.py::TestAIDevOSOrchestrator::test_determine_agents_multi_role FAILED [ 30%]
tests/test_core_comprehensive.py::TestAIDevOSOrchestrator::test_skills_loaded FAILED [ 31%]
tests/test_core_comprehensive.py::TestClaudeHUDIntegration::test_hud_update_creates_file PASSED [ 32%]
tests/test_core_comprehensive.py::TestClaudeHUDIntegration::test_hud_update_empty_agents PASSED [ 34%]
tests/test_core_comprehensive.py::TestSandboxProvider::test_all_providers PASSED [ 35%]
tests/test_core_comprehensive.py::TestWorkflowPhase::test_all_phases PASSED [ 36%]
tests/test_core_snapshot.py::test_run_generates_snapshots PASSED         [ 38%]
tests/test_core_snapshot.py::test_retry_on_api_failure PASSED            [ 39%]
tests/test_daytona.py::test_daytona_client_mock_mode PASSED              [ 40%]
tests/test_daytona.py::test_daytona_client_real_interaction PASSED       [ 42%]
tests/test_github_real.py::test_create_branch_success PASSED             [ 43%]
tests/test_github_real.py::test_create_pr_success PASSED                 [ 44%]
tests/test_github_real.py::test_add_comment_success PASSED               [ 46%]
tests/test_github_real.py::test_webhook_comment_trigger PASSED           [ 47%]
tests/test_integrations.py::test_slack_webhook PASSED                    [ 48%]
tests/test_integrations.py::test_linear_webhook PASSED                   [ 50%]
tests/test_integrations.py::test_github_webhook PASSED                   [ 51%]
tests/test_linear_comprehensive.py::test_create_issue_success PASSED     [ 52%]
tests/test_linear_comprehensive.py::test_update_issue_status PASSED      [ 53%]
tests/test_linear_comprehensive.py::test_handle_issue_webhook PASSED     [ 55%]
tests/test_linear_comprehensive.py::test_handle_issue_webhook_no_trigger PASSED [ 56%]
tests/test_models.py::test_model_config PASSED                           [ 57%]
tests/test_models.py::test_unsloth_trainer_mock PASSED                   [ 59%]
tests/test_monitoring.py::test_workflow_metrics PASSED                   [ 60%]
tests/test_monitoring.py::test_record_token_usage PASSED                 [ 61%]
tests/test_monitoring.py::test_cost_estimation PASSED                    [ 63%]
tests/test_monitoring.py::test_update_active_agents PASSED               [ 64%]
tests/test_sandbox.py::test_sandbox_config PASSED                        [ 65%]
tests/test_sandbox.py::test_modal_sandbox_mock PASSED                    [ 67%]
tests/test_sandbox_advanced.py::test_create_sandbox_docker PASSED        [ 68%]
tests/test_sandbox_advanced.py::test_execute_command_mock PASSED         [ 69%]
tests/test_sandbox_advanced.py::test_execute_command_real PASSED         [ 71%]
tests/test_sandbox_advanced.py::test_terminate_sandbox PASSED            [ 72%]
tests/test_security.py::test_validate_api_key_anthropic PASSED           [ 73%]
tests/test_security.py::test_validate_api_key_github PASSED              [ 75%]
tests/test_security.py::test_check_permission PASSED                     [ 76%]
tests/test_security.py::test_sanitize_logs PASSED                        [ 77%]
tests/test_skills.py::test_debugging_skill PASSED                        [ 78%]
tests/test_skills.py::test_performance_skill PASSED                      [ 80%]
tests/test_skills.py::test_doc_skill PASSED                              [ 81%]
tests/test_skills_advanced.py::test_new_skills_initialized ERROR         [ 82%]
tests/test_skills_advanced.py::test_research_skill_execution ERROR       [ 84%]
tests/test_skills_advanced.py::test_security_audit_skill_execution ERROR [ 85%]
tests/test_slack_bot.py::test_send_threaded_message_success PASSED       [ 86%]
tests/test_slack_bot.py::test_send_interactive_blocks_success PASSED     [ 88%]
tests/test_slack_bot.py::test_handle_interaction_payload_parsing PASSED  [ 89%]
tests/test_snapshot.py::test_save_snapshot_creates_file PASSED           [ 90%]
tests/test_snapshot.py::test_load_latest_snapshot PASSED                 [ 92%]
tests/test_snapshot.py::test_load_non_existent_snapshot PASSED           [ 93%]
tests/test_snapshot.py::test_list_snapshots PASSED                       [ 94%]
tests/test_utils.py::test_with_retry_success_on_first_try PASSED         [ 96%]
tests/test_utils.py::test_with_retry_success_after_failure PASSED        [ 97%]
tests/test_utils.py::test_with_retry_all_failures PASSED                 [ 98%]
tests/test_utils.py::test_setup_structured_logging PASSED                [100%]

=================================== ERRORS ====================================
________________ ERROR at setup of test_new_skills_initialized ________________

    @pytest.fixture
    def orchestrator():
>       with (
            patch("ai_dev_os.core.Anthropic"),
            patch("ai_dev_os.core.SnapshotManager"),
            patch("ai_dev_os.core.AIDevOSOrchestrator._load_agents_rules", return_value={}),
        ):

tests\test_skills_advanced.py:10: 
_ _ _ _ _ _ _ _ _ _ _ _ _ _ _ _ _ _ _ _ _ _ _ _ _ _ _ _ _ _ _ _ _ _ _ _ _ _ _ _
..\..\AppData\Roaming\uv\python\cpython-3.12.0-windows-x86_64-none\Lib\unittest\mock.py:1455: in __enter__
    original, local = self.get_original()
                      ^^^^^^^^^^^^^^^^^^^
_ _ _ _ _ _ _ _ _ _ _ _ _ _ _ _ _ _ _ _ _ _ _ _ _ _ _ _ _ _ _ _ _ _ _ _ _ _ _ _

self = <unittest.mock._patch object at 0x0000021433A1E6C0>

    def get_original(self):
        target = self.getter()
        name = self.attribute
    
        original = DEFAULT
        local = False
    
        try:
            original = target.__dict__[name]
        except (AttributeError, KeyError):
            original = getattr(target, name, DEFAULT)
        else:
            local = True
    
        if name in _builtins and isinstance(target, ModuleType):
            self.create = True
    
        if not self.create and original is DEFAULT:
>           raise AttributeError(
                "%s does not have the attribute %r" % (target, name)
            )
E           AttributeError: <module 'ai_dev_os.core' from 'C:\\Users\\HASSA\\Desktop\\AI-DEV-OS\\src\\ai_dev_os\\core.py'> does not have the attribute 'Anthropic'

..\..\AppData\Roaming\uv\python\cpython-3.12.0-windows-x86_64-none\Lib\unittest\mock.py:1428: AttributeError
_______________ ERROR at setup of test_research_skill_execution _______________

    @pytest.fixture
    def orchestrator():
>       with (
            patch("ai_dev_os.core.Anthropic"),
            patch("ai_dev_os.core.SnapshotManager"),
            patch("ai_dev_os.core.AIDevOSOrchestrator._load_agents_rules", return_value={}),
        ):

tests\test_skills_advanced.py:10: 
_ _ _ _ _ _ _ _ _ _ _ _ _ _ _ _ _ _ _ _ _ _ _ _ _ _ _ _ _ _ _ _ _ _ _ _ _ _ _ _
..\..\AppData\Roaming\uv\python\cpython-3.12.0-windows-x86_64-none\Lib\unittest\mock.py:1455: in __enter__
    original, local = self.get_original()
                      ^^^^^^^^^^^^^^^^^^^
_ _ _ _ _ _ _ _ _ _ _ _ _ _ _ _ _ _ _ _ _ _ _ _ _ _ _ _ _ _ _ _ _ _ _ _ _ _ _ _

self = <unittest.mock._patch object at 0x0000021433A1DDC0>

    def get_original(self):
        target = self.getter()
        name = self.attribute
    
        original = DEFAULT
        local = False
    
        try:
            original = target.__dict__[name]
        except (AttributeError, KeyError):
            original = getattr(target, name, DEFAULT)
        else:
            local = True
    
        if name in _builtins and isinstance(target, ModuleType):
            self.create = True
    
        if not self.create and original is DEFAULT:
>           raise AttributeError(
                "%s does not have the attribute %r" % (target, name)
            )
E           AttributeError: <module 'ai_dev_os.core' from 'C:\\Users\\HASSA\\Desktop\\AI-DEV-OS\\src\\ai_dev_os\\core.py'> does not have the attribute 'Anthropic'

..\..\AppData\Roaming\uv\python\cpython-3.12.0-windows-x86_64-none\Lib\unittest\mock.py:1428: AttributeError
____________ ERROR at setup of test_security_audit_skill_execution ____________

    @pytest.fixture
    def orchestrator():
>       with (
            patch("ai_dev_os.core.Anthropic"),
            patch("ai_dev_os.core.SnapshotManager"),
            patch("ai_dev_os.core.AIDevOSOrchestrator._load_agents_rules", return_value={}),
        ):

tests\test_skills_advanced.py:10: 
_ _ _ _ _ _ _ _ _ _ _ _ _ _ _ _ _ _ _ _ _ _ _ _ _ _ _ _ _ _ _ _ _ _ _ _ _ _ _ _
..\..\AppData\Roaming\uv\python\cpython-3.12.0-windows-x86_64-none\Lib\unittest\mock.py:1455: in __enter__
    original, local = self.get_original()
                      ^^^^^^^^^^^^^^^^^^^
_ _ _ _ _ _ _ _ _ _ _ _ _ _ _ _ _ _ _ _ _ _ _ _ _ _ _ _ _ _ _ _ _ _ _ _ _ _ _ _

self = <unittest.mock._patch object at 0x0000021433A1C1A0>

    def get_original(self):
        target = self.getter()
        name = self.attribute
    
        original = DEFAULT
        local = False
    
        try:
            original = target.__dict__[name]
        except (AttributeError, KeyError):
            original = getattr(target, name, DEFAULT)
        else:
            local = True
    
        if name in _builtins and isinstance(target, ModuleType):
            self.create = True
    
        if not self.create and original is DEFAULT:
>           raise AttributeError(
                "%s does not have the attribute %r" % (target, name)
            )
E           AttributeError: <module 'ai_dev_os.core' from 'C:\\Users\\HASSA\\Desktop\\AI-DEV-OS\\src\\ai_dev_os\\core.py'> does not have the attribute 'Anthropic'

..\..\AppData\Roaming\uv\python\cpython-3.12.0-windows-x86_64-none\Lib\unittest\mock.py:1428: AttributeError
================================== FAILURES ===================================
_________________ TestAIDevOSOrchestrator.test_initialization _________________

args = (<test_core_comprehensive.TestAIDevOSOrchestrator object at 0x0000021432164F20>,)
keywargs = {}

    @wraps(func)
    def patched(*args, **keywargs):
>       with self.decoration_helper(patched,
                                    args,
                                    keywargs) as (newargs, newkeywargs):

..\..\AppData\Roaming\uv\python\cpython-3.12.0-windows-x86_64-none\Lib\unittest\mock.py:1384: 
_ _ _ _ _ _ _ _ _ _ _ _ _ _ _ _ _ _ _ _ _ _ _ _ _ _ _ _ _ _ _ _ _ _ _ _ _ _ _ _
..\..\AppData\Roaming\uv\python\cpython-3.12.0-windows-x86_64-none\Lib\contextlib.py:137: in __enter__
    return next(self.gen)
           ^^^^^^^^^^^^^^
..\..\AppData\Roaming\uv\python\cpython-3.12.0-windows-x86_64-none\Lib\unittest\mock.py:1366: in decoration_helper
    arg = exit_stack.enter_context(patching)
          ^^^^^^^^^^^^^^^^^^^^^^^^^^^^^^^^^^
..\..\AppData\Roaming\uv\python\cpython-3.12.0-windows-x86_64-none\Lib\contextlib.py:514: in enter_context
    result = _enter(cm)
             ^^^^^^^^^^
..\..\AppData\Roaming\uv\python\cpython-3.12.0-windows-x86_64-none\Lib\unittest\mock.py:1455: in __enter__
    original, local = self.get_original()
                      ^^^^^^^^^^^^^^^^^^^
_ _ _ _ _ _ _ _ _ _ _ _ _ _ _ _ _ _ _ _ _ _ _ _ _ _ _ _ _ _ _ _ _ _ _ _ _ _ _ _

self = <unittest.mock._patch object at 0x0000021432151CA0>

    def get_original(self):
        target = self.getter()
        name = self.attribute
    
        original = DEFAULT
        local = False
    
        try:
            original = target.__dict__[name]
        except (AttributeError, KeyError):
            original = getattr(target, name, DEFAULT)
        else:
            local = True
    
        if name in _builtins and isinstance(target, ModuleType):
            self.create = True
    
        if not self.create and original is DEFAULT:
>           raise AttributeError(
                "%s does not have the attribute %r" % (target, name)
            )
E           AttributeError: <module 'ai_dev_os.core' from 'C:\\Users\\HASSA\\Desktop\\AI-DEV-OS\\src\\ai_dev_os\\core.py'> does not have the attribute 'Anthropic'

..\..\AppData\Roaming\uv\python\cpython-3.12.0-windows-x86_64-none\Lib\unittest\mock.py:1428: AttributeError
_____________ TestAIDevOSOrchestrator.test_determine_agents_code ______________

args = (<test_core_comprehensive.TestAIDevOSOrchestrator object at 0x0000021432165220>,)
keywargs = {}

    @wraps(func)
    def patched(*args, **keywargs):
>       with self.decoration_helper(patched,
                                    args,
                                    keywargs) as (newargs, newkeywargs):

..\..\AppData\Roaming\uv\python\cpython-3.12.0-windows-x86_64-none\Lib\unittest\mock.py:1384: 
_ _ _ _ _ _ _ _ _ _ _ _ _ _ _ _ _ _ _ _ _ _ _ _ _ _ _ _ _ _ _ _ _ _ _ _ _ _ _ _
..\..\AppData\Roaming\uv\python\cpython-3.12.0-windows-x86_64-none\Lib\contextlib.py:137: in __enter__
    return next(self.gen)
           ^^^^^^^^^^^^^^
..\..\AppData\Roaming\uv\python\cpython-3.12.0-windows-x86_64-none\Lib\unittest\mock.py:1366: in decoration_helper
    arg = exit_stack.enter_context(patching)
          ^^^^^^^^^^^^^^^^^^^^^^^^^^^^^^^^^^
..\..\AppData\Roaming\uv\python\cpython-3.12.0-windows-x86_64-none\Lib\contextlib.py:514: in enter_context
    result = _enter(cm)
             ^^^^^^^^^^
..\..\AppData\Roaming\uv\python\cpython-3.12.0-windows-x86_64-none\Lib\unittest\mock.py:1455: in __enter__
    original, local = self.get_original()
                      ^^^^^^^^^^^^^^^^^^^
_ _ _ _ _ _ _ _ _ _ _ _ _ _ _ _ _ _ _ _ _ _ _ _ _ _ _ _ _ _ _ _ _ _ _ _ _ _ _ _

self = <unittest.mock._patch object at 0x0000021432152CC0>

    def get_original(self):
        target = self.getter()
        name = self.attribute
    
        original = DEFAULT
        local = False
    
        try:
            original = target.__dict__[name]
        except (AttributeError, KeyError):
            original = getattr(target, name, DEFAULT)
        else:
            local = True
    
        if name in _builtins and isinstance(target, ModuleType):
            self.create = True
    
        if not self.create and original is DEFAULT:
>           raise AttributeError(
                "%s does not have the attribute %r" % (target, name)
            )
E           AttributeError: <module 'ai_dev_os.core' from 'C:\\Users\\HASSA\\Desktop\\AI-DEV-OS\\src\\ai_dev_os\\core.py'> does not have the attribute 'Anthropic'

..\..\AppData\Roaming\uv\python\cpython-3.12.0-windows-x86_64-none\Lib\unittest\mock.py:1428: AttributeError
___________ TestAIDevOSOrchestrator.test_determine_agents_training ____________

args = (<test_core_comprehensive.TestAIDevOSOrchestrator object at 0x0000021432153D40>,)
keywargs = {}

    @wraps(func)
    def patched(*args, **keywargs):
>       with self.decoration_helper(patched,
                                    args,
                                    keywargs) as (newargs, newkeywargs):

..\..\AppData\Roaming\uv\python\cpython-3.12.0-windows-x86_64-none\Lib\unittest\mock.py:1384: 
_ _ _ _ _ _ _ _ _ _ _ _ _ _ _ _ _ _ _ _ _ _ _ _ _ _ _ _ _ _ _ _ _ _ _ _ _ _ _ _
..\..\AppData\Roaming\uv\python\cpython-3.12.0-windows-x86_64-none\Lib\contextlib.py:137: in __enter__
    return next(self.gen)
           ^^^^^^^^^^^^^^
..\..\AppData\Roaming\uv\python\cpython-3.12.0-windows-x86_64-none\Lib\unittest\mock.py:1366: in decoration_helper
    arg = exit_stack.enter_context(patching)
          ^^^^^^^^^^^^^^^^^^^^^^^^^^^^^^^^^^
..\..\AppData\Roaming\uv\python\cpython-3.12.0-windows-x86_64-none\Lib\contextlib.py:514: in enter_context
    result = _enter(cm)
             ^^^^^^^^^^
..\..\AppData\Roaming\uv\python\cpython-3.12.0-windows-x86_64-none\Lib\unittest\mock.py:1455: in __enter__
    original, local = self.get_original()
                      ^^^^^^^^^^^^^^^^^^^
_ _ _ _ _ _ _ _ _ _ _ _ _ _ _ _ _ _ _ _ _ _ _ _ _ _ _ _ _ _ _ _ _ _ _ _ _ _ _ _

self = <unittest.mock._patch object at 0x0000021432152DB0>

    def get_original(self):
        target = self.getter()
        name = self.attribute
    
        original = DEFAULT
        local = False
    
        try:
            original = target.__dict__[name]
        except (AttributeError, KeyError):
            original = getattr(target, name, DEFAULT)
        else:
            local = True
    
        if name in _builtins and isinstance(target, ModuleType):
            self.create = True
    
        if not self.create and original is DEFAULT:
>           raise AttributeError(
                "%s does not have the attribute %r" % (target, name)
            )
E           AttributeError: <module 'ai_dev_os.core' from 'C:\\Users\\HASSA\\Desktop\\AI-DEV-OS\\src\\ai_dev_os\\core.py'> does not have the attribute 'Anthropic'

..\..\AppData\Roaming\uv\python\cpython-3.12.0-windows-x86_64-none\Lib\unittest\mock.py:1428: AttributeError
__________ TestAIDevOSOrchestrator.test_determine_agents_simulation ___________

args = (<test_core_comprehensive.TestAIDevOSOrchestrator object at 0x0000021432153A40>,)
keywargs = {}

    @wraps(func)
    def patched(*args, **keywargs):
>       with self.decoration_helper(patched,
                                    args,
                                    keywargs) as (newargs, newkeywargs):

..\..\AppData\Roaming\uv\python\cpython-3.12.0-windows-x86_64-none\Lib\unittest\mock.py:1384: 
_ _ _ _ _ _ _ _ _ _ _ _ _ _ _ _ _ _ _ _ _ _ _ _ _ _ _ _ _ _ _ _ _ _ _ _ _ _ _ _
..\..\AppData\Roaming\uv\python\cpython-3.12.0-windows-x86_64-none\Lib\contextlib.py:137: in __enter__
    return next(self.gen)
           ^^^^^^^^^^^^^^
..\..\AppData\Roaming\uv\python\cpython-3.12.0-windows-x86_64-none\Lib\unittest\mock.py:1366: in decoration_helper
    arg = exit_stack.enter_context(patching)
          ^^^^^^^^^^^^^^^^^^^^^^^^^^^^^^^^^^
..\..\AppData\Roaming\uv\python\cpython-3.12.0-windows-x86_64-none\Lib\contextlib.py:514: in enter_context
    result = _enter(cm)
             ^^^^^^^^^^
..\..\AppData\Roaming\uv\python\cpython-3.12.0-windows-x86_64-none\Lib\unittest\mock.py:1455: in __enter__
    original, local = self.get_original()
                      ^^^^^^^^^^^^^^^^^^^
_ _ _ _ _ _ _ _ _ _ _ _ _ _ _ _ _ _ _ _ _ _ _ _ _ _ _ _ _ _ _ _ _ _ _ _ _ _ _ _

self = <unittest.mock._patch object at 0x0000021432152EA0>

    def get_original(self):
        target = self.getter()
        name = self.attribute
    
        original = DEFAULT
        local = False
    
        try:
            original = target.__dict__[name]
        except (AttributeError, KeyError):
            original = getattr(target, name, DEFAULT)
        else:
            local = True
    
        if name in _builtins and isinstance(target, ModuleType):
            self.create = True
    
        if not self.create and original is DEFAULT:
>           raise AttributeError(
                "%s does not have the attribute %r" % (target, name)
            )
E           AttributeError: <module 'ai_dev_os.core' from 'C:\\Users\\HASSA\\Desktop\\AI-DEV-OS\\src\\ai_dev_os\\core.py'> does not have the attribute 'Anthropic'

..\..\AppData\Roaming\uv\python\cpython-3.12.0-windows-x86_64-none\Lib\unittest\mock.py:1428: AttributeError
____________ TestAIDevOSOrchestrator.test_determine_agents_default ____________

args = (<test_core_comprehensive.TestAIDevOSOrchestrator object at 0x0000021432153320>,)
keywargs = {}

    @wraps(func)
    def patched(*args, **keywargs):
>       with self.decoration_helper(patched,
                                    args,
                                    keywargs) as (newargs, newkeywargs):

..\..\AppData\Roaming\uv\python\cpython-3.12.0-windows-x86_64-none\Lib\unittest\mock.py:1384: 
_ _ _ _ _ _ _ _ _ _ _ _ _ _ _ _ _ _ _ _ _ _ _ _ _ _ _ _ _ _ _ _ _ _ _ _ _ _ _ _
..\..\AppData\Roaming\uv\python\cpython-3.12.0-windows-x86_64-none\Lib\contextlib.py:137: in __enter__
    return next(self.gen)
           ^^^^^^^^^^^^^^
..\..\AppData\Roaming\uv\python\cpython-3.12.0-windows-x86_64-none\Lib\unittest\mock.py:1366: in decoration_helper
    arg = exit_stack.enter_context(patching)
          ^^^^^^^^^^^^^^^^^^^^^^^^^^^^^^^^^^
..\..\AppData\Roaming\uv\python\cpython-3.12.0-windows-x86_64-none\Lib\contextlib.py:514: in enter_context
    result = _enter(cm)
             ^^^^^^^^^^
..\..\AppData\Roaming\uv\python\cpython-3.12.0-windows-x86_64-none\Lib\unittest\mock.py:1455: in __enter__
    original, local = self.get_original()
                      ^^^^^^^^^^^^^^^^^^^
_ _ _ _ _ _ _ _ _ _ _ _ _ _ _ _ _ _ _ _ _ _ _ _ _ _ _ _ _ _ _ _ _ _ _ _ _ _ _ _

self = <unittest.mock._patch object at 0x0000021432152F90>

    def get_original(self):
        target = self.getter()
        name = self.attribute
    
        original = DEFAULT
        local = False
    
        try:
            original = target.__dict__[name]
        except (AttributeError, KeyError):
            original = getattr(target, name, DEFAULT)
        else:
            local = True
    
        if name in _builtins and isinstance(target, ModuleType):
            self.create = True
    
        if not self.create and original is DEFAULT:
>           raise AttributeError(
                "%s does not have the attribute %r" % (target, name)
            )
E           AttributeError: <module 'ai_dev_os.core' from 'C:\\Users\\HASSA\\Desktop\\AI-DEV-OS\\src\\ai_dev_os\\core.py'> does not have the attribute 'Anthropic'

..\..\AppData\Roaming\uv\python\cpython-3.12.0-windows-x86_64-none\Lib\unittest\mock.py:1428: AttributeError
__________ TestAIDevOSOrchestrator.test_determine_agents_multi_role ___________

args = (<test_core_comprehensive.TestAIDevOSOrchestrator object at 0x0000021432151220>,)
keywargs = {}

    @wraps(func)
    def patched(*args, **keywargs):
>       with self.decoration_helper(patched,
                                    args,
                                    keywargs) as (newargs, newkeywargs):

..\..\AppData\Roaming\uv\python\cpython-3.12.0-windows-x86_64-none\Lib\unittest\mock.py:1384: 
_ _ _ _ _ _ _ _ _ _ _ _ _ _ _ _ _ _ _ _ _ _ _ _ _ _ _ _ _ _ _ _ _ _ _ _ _ _ _ _
..\..\AppData\Roaming\uv\python\cpython-3.12.0-windows-x86_64-none\Lib\contextlib.py:137: in __enter__
    return next(self.gen)
           ^^^^^^^^^^^^^^
..\..\AppData\Roaming\uv\python\cpython-3.12.0-windows-x86_64-none\Lib\unittest\mock.py:1366: in decoration_helper
    arg = exit_stack.enter_context(patching)
          ^^^^^^^^^^^^^^^^^^^^^^^^^^^^^^^^^^
..\..\AppData\Roaming\uv\python\cpython-3.12.0-windows-x86_64-none\Lib\contextlib.py:514: in enter_context
    result = _enter(cm)
             ^^^^^^^^^^
..\..\AppData\Roaming\uv\python\cpython-3.12.0-windows-x86_64-none\Lib\unittest\mock.py:1455: in __enter__
    original, local = self.get_original()
                      ^^^^^^^^^^^^^^^^^^^
_ _ _ _ _ _ _ _ _ _ _ _ _ _ _ _ _ _ _ _ _ _ _ _ _ _ _ _ _ _ _ _ _ _ _ _ _ _ _ _

self = <unittest.mock._patch object at 0x00000214305493D0>

    def get_original(self):
        target = self.getter()
        name = self.attribute
    
        original = DEFAULT
        local = False
    
        try:
            original = target.__dict__[name]
        except (AttributeError, KeyError):
            original = getattr(target, name, DEFAULT)
        else:
            local = True
    
        if name in _builtins and isinstance(target, ModuleType):
            self.create = True
    
        if not self.create and original is DEFAULT:
>           raise AttributeError(
                "%s does not have the attribute %r" % (target, name)
            )
E           AttributeError: <module 'ai_dev_os.core' from 'C:\\Users\\HASSA\\Desktop\\AI-DEV-OS\\src\\ai_dev_os\\core.py'> does not have the attribute 'Anthropic'

..\..\AppData\Roaming\uv\python\cpython-3.12.0-windows-x86_64-none\Lib\unittest\mock.py:1428: AttributeError
_________________ TestAIDevOSOrchestrator.test_skills_loaded __________________

args = (<test_core_comprehensive.TestAIDevOSOrchestrator object at 0x0000021432165070>,)
keywargs = {}

    @wraps(func)
    def patched(*args, **keywargs):
>       with self.decoration_helper(patched,
                                    args,
                                    keywargs) as (newargs, newkeywargs):

..\..\AppData\Roaming\uv\python\cpython-3.12.0-windows-x86_64-none\Lib\unittest\mock.py:1384: 
_ _ _ _ _ _ _ _ _ _ _ _ _ _ _ _ _ _ _ _ _ _ _ _ _ _ _ _ _ _ _ _ _ _ _ _ _ _ _ _
..\..\AppData\Roaming\uv\python\cpython-3.12.0-windows-x86_64-none\Lib\contextlib.py:137: in __enter__
    return next(self.gen)
           ^^^^^^^^^^^^^^
..\..\AppData\Roaming\uv\python\cpython-3.12.0-windows-x86_64-none\Lib\unittest\mock.py:1366: in decoration_helper
    arg = exit_stack.enter_context(patching)
          ^^^^^^^^^^^^^^^^^^^^^^^^^^^^^^^^^^
..\..\AppData\Roaming\uv\python\cpython-3.12.0-windows-x86_64-none\Lib\contextlib.py:514: in enter_context
    result = _enter(cm)
             ^^^^^^^^^^
..\..\AppData\Roaming\uv\python\cpython-3.12.0-windows-x86_64-none\Lib\unittest\mock.py:1455: in __enter__
    original, local = self.get_original()
                      ^^^^^^^^^^^^^^^^^^^
_ _ _ _ _ _ _ _ _ _ _ _ _ _ _ _ _ _ _ _ _ _ _ _ _ _ _ _ _ _ _ _ _ _ _ _ _ _ _ _

self = <unittest.mock._patch object at 0x0000021432151940>

    def get_original(self):
        target = self.getter()
        name = self.attribute
    
        original = DEFAULT
        local = False
    
        try:
            original = target.__dict__[name]
        except (AttributeError, KeyError):
            original = getattr(target, name, DEFAULT)
        else:
            local = True
    
        if name in _builtins and isinstance(target, ModuleType):
            self.create = True
    
        if not self.create and original is DEFAULT:
>           raise AttributeError(
                "%s does not have the attribute %r" % (target, name)
            )
E           AttributeError: <module 'ai_dev_os.core' from 'C:\\Users\\HASSA\\Desktop\\AI-DEV-OS\\src\\ai_dev_os\\core.py'> does not have the attribute 'Anthropic'

..\..\AppData\Roaming\uv\python\cpython-3.12.0-windows-x86_64-none\Lib\unittest\mock.py:1428: AttributeError
============================== warnings summary ===============================
tests/test_core.py::test_orchestrator_initialization
  C:\Users\HASSA\Desktop\AI-DEV-OS\.venv\Lib\site-packages\pydantic\_internal\_generate_schema.py:648: ArbitraryTypeWarning: <MagicMock name='mock.Timeout' id='2285777036944'> is not a Python type (it may be an instance of an object), Pydantic will allow any object with no validation since we cannot even enforce that the input is an instance of the given type. To get rid of this error wrap the type with `pydantic.SkipValidation`.
    warnings.warn(

tests/test_core.py::test_workflow_state_logging
tests/test_core_comprehensive.py::TestWorkflowState::test_state_initialization
tests/test_core_comprehensive.py::TestWorkflowState::test_add_log
tests/test_core_comprehensive.py::TestWorkflowState::test_state_transitions
tests/test_core_comprehensive.py::TestWorkflowState::test_context_usage
tests/test_core_comprehensive.py::TestClaudeHUDIntegration::test_hud_update_creates_file
tests/test_core_comprehensive.py::TestClaudeHUDIntegration::test_hud_update_empty_agents
tests/test_core_snapshot.py::test_run_generates_snapshots
tests/test_core_snapshot.py::test_retry_on_api_failure
  C:\Users\HASSA\Desktop\AI-DEV-OS\src\ai_dev_os\core.py:162: DeprecationWarning: datetime.datetime.utcnow() is deprecated and scheduled for removal in a future version. Use timezone-aware objects to represent datetimes in UTC: datetime.datetime.now(datetime.UTC).
    self.created_at = datetime.utcnow().isoformat()

tests/test_core.py: 1 warning
tests/test_core_comprehensive.py: 2 warnings
tests/test_core_snapshot.py: 19 warnings
  C:\Users\HASSA\Desktop\AI-DEV-OS\src\ai_dev_os\core.py:166: DeprecationWarning: datetime.datetime.utcnow() is deprecated and scheduled for removal in a future version. Use timezone-aware objects to represent datetimes in UTC: datetime.datetime.now(datetime.UTC).
    self.logs.append(f"[{datetime.utcnow().isoformat()}] {message}")

tests/test_core_comprehensive.py::TestClaudeHUDIntegration::test_hud_update_creates_file
tests/test_core_comprehensive.py::TestClaudeHUDIntegration::test_hud_update_empty_agents
tests/test_core_snapshot.py::test_run_generates_snapshots
tests/test_core_snapshot.py::test_run_generates_snapshots
tests/test_core_snapshot.py::test_run_generates_snapshots
tests/test_core_snapshot.py::test_retry_on_api_failure
  C:\Users\HASSA\Desktop\AI-DEV-OS\src\ai_dev_os\core.py:264: DeprecationWarning: datetime.datetime.utcnow() is deprecated and scheduled for removal in a future version. Use timezone-aware objects to represent datetimes in UTC: datetime.datetime.now(datetime.UTC).
    "timestamp": datetime.utcnow().isoformat(),

tests/test_integrations.py::test_github_webhook
  C:\Users\HASSA\Desktop\AI-DEV-OS\src\ai_dev_os\integrations\github.py:31: DeprecationWarning: Argument login_or_token is deprecated, please use auth=github.Auth.Token(...) instead
    self.client = Github(token) if HAS_GITHUB else None

tests/test_snapshot.py::test_save_snapshot_creates_file
tests/test_snapshot.py::test_load_latest_snapshot
tests/test_snapshot.py::test_load_latest_snapshot
tests/test_snapshot.py::test_list_snapshots
tests/test_snapshot.py::test_list_snapshots
  C:\Users\HASSA\Desktop\AI-DEV-OS\src\ai_dev_os\utils\snapshot.py:27: DeprecationWarning: datetime.datetime.utcnow() is deprecated and scheduled for removal in a future version. Use timezone-aware objects to represent datetimes in UTC: datetime.datetime.now(datetime.UTC).
    timestamp = datetime.utcnow().strftime("%Y%m%d_%H%M%S")

-- Docs: https://docs.pytest.org/en/stable/how-to/capture-warnings.html
=========================== short test summary info ===========================
FAILED tests/test_core_comprehensive.py::TestAIDevOSOrchestrator::test_initialization
FAILED tests/test_core_comprehensive.py::TestAIDevOSOrchestrator::test_determine_agents_code
FAILED tests/test_core_comprehensive.py::TestAIDevOSOrchestrator::test_determine_agents_training
FAILED tests/test_core_comprehensive.py::TestAIDevOSOrchestrator::test_determine_agents_simulation
FAILED tests/test_core_comprehensive.py::TestAIDevOSOrchestrator::test_determine_agents_default
FAILED tests/test_core_comprehensive.py::TestAIDevOSOrchestrator::test_determine_agents_multi_role
FAILED tests/test_core_comprehensive.py::TestAIDevOSOrchestrator::test_skills_loaded
ERROR tests/test_skills_advanced.py::test_new_skills_initialized - AttributeE...
ERROR tests/test_skills_advanced.py::test_research_skill_execution - Attribut...
ERROR tests/test_skills_advanced.py::test_security_audit_skill_execution - At...
============= 7 failed, 66 passed, 44 warnings, 3 errors in 9.54s =============
