============================= test session starts =============================
platform win32 -- Python 3.12.0, pytest-9.0.2, pluggy-1.6.0 -- C:\Users\HASSA\Desktop\AI-DEV-OS\.venv\Scripts\python.exe
cachedir: .pytest_cache
rootdir: C:\Users\HASSA\Desktop\AI-DEV-OS
configfile: pyproject.toml
plugins: anyio-4.12.1, langsmith-0.7.22, asyncio-1.3.0, cov-7.0.0
asyncio: mode=Mode.AUTO, debug=False, asyncio_default_fixture_loop_scope=None, asyncio_default_test_loop_scope=function
collecting ... collected 7 items

tests/test_sandbox.py::test_sandbox_config PASSED                        [ 14%]
tests/test_sandbox.py::test_modal_sandbox_mock FAILED                    [ 28%]
tests/test_models.py::test_model_config PASSED                           [ 42%]
tests/test_models.py::test_unsloth_trainer_mock FAILED                   [ 57%]
tests/test_skills.py::test_debugging_skill FAILED                        [ 71%]
tests/test_skills.py::test_performance_skill FAILED                      [ 85%]
tests/test_skills.py::test_doc_skill FAILED                              [100%]

================================== FAILURES ===================================
___________________________ test_modal_sandbox_mock ___________________________
tests\test_sandbox.py:23: in test_modal_sandbox_mock
    assert exit_code == 0
E   assert 1 == 0
__________________________ test_unsloth_trainer_mock __________________________
tests\test_models.py:21: in test_unsloth_trainer_mock
    assert success is True
E   assert False is True
------------------------------ Captured log call ------------------------------
ERROR    ai_dev_os.models:models.py:81 Unsloth is not installed. Real execution requires Unsloth and compatible CUDA hardware. Install with: pip install unsloth[cu121]
ERROR    ai_dev_os.models:models.py:85 Setup failed: Unsloth is not installed. Real execution requires Unsloth and compatible CUDA hardware. Install with: pip install unsloth[cu121]
____________________________ test_debugging_skill _____________________________
tests\test_skills.py:14: in test_debugging_skill
    assert result["status"] == "success"
E   AssertionError: assert 'error' == 'success'
E     
E     - success
E     + error
___________________________ test_performance_skill ____________________________
tests\test_skills.py:22: in test_performance_skill
    assert result["status"] == "success"
E   AssertionError: assert 'error' == 'success'
E     
E     - success
E     + error
_______________________________ test_doc_skill ________________________________
tests\test_skills.py:30: in test_doc_skill
    assert result["status"] == "success"
E   AssertionError: assert 'error' == 'success'
E     
E     - success
E     + error
=========================== short test summary info ===========================
FAILED tests/test_sandbox.py::test_modal_sandbox_mock - assert 1 == 0
FAILED tests/test_models.py::test_unsloth_trainer_mock - assert False is True
FAILED tests/test_skills.py::test_debugging_skill - AssertionError: assert 'e...
FAILED tests/test_skills.py::test_performance_skill - AssertionError: assert ...
FAILED tests/test_skills.py::test_doc_skill - AssertionError: assert 'error' ...
========================= 5 failed, 2 passed in 6.22s =========================
